// Jest Snapshot v1, https://goo.gl/fbAQLP

exports[`Button render 1`] = `
<DocumentFragment>
  <button
    class="sc-bczRLJ"
  >
    ボタン
  </button>
</DocumentFragment>
`;
